// Jest Snapshot v1, https://goo.gl/fbAQLP

exports[`scripts/import-open-api should parse correctly petstore-expanded.yaml 1`] = `
"/* Generated by oats-generator */

/**
 * A pet.
 */
export type Pet = NewPet & {
  id: number;
};

/**
 * A new pet.
 */
export interface NewPet {
  name: string;
  tag?: string;
}

/**
 * A discriminator example.
 */
export type CatOrDog = Cat | Dog;

/**
 * A cat, meow.
 */
export interface Cat {
  type: \\"cat\\";
  breed: \\"labrador\\" | \\"carlin\\" | \\"beagle\\";
}

/**
 * A dog, wooof.
 */
export interface Dog {
  type: \\"dog\\";
  breed: \\"saimois\\" | \\"bengal\\" | \\"british shorthair\\";
}

/**
 * An error :(
 */
export interface Error {
  code: number;
  message: string;
}

/**
 * Request description
 */
export interface Request {
  action?: (\\"create\\" | \\"read\\" | \\"update\\" | \\"delete\\")[];
}

export type UpdatePetRequestRequestBody = NewPet;

export interface FindPetsQueryParams {
  /**
   * tags to filter by
   */
  tags?: string[];
  /**
   * maximum number of results to return
   */
  limit?: number;
}
"
`;
